../Core/Src/main.c:71:5:main	8	static
../Core/Src/main.c:167:6:SystemClock_Config	72	static
../Core/Src/main.c:206:13:MX_CAN_Init	8	static
../Core/Src/main.c:243:13:MX_I2C1_Init	8	static
../Core/Src/main.c:277:13:MX_TIM2_Init	32	static
../Core/Src/main.c:322:13:MX_TIM3_Init	32	static
../Core/Src/main.c:367:13:MX_GPIO_Init	32	static
../Core/Src/main.c:408:6:HAL_TIM_PeriodElapsedCallback	16	static
../Core/Src/main.c:416:6:HAL_CAN_RxFifo0MsgPendingCallback	16	static
../Core/Src/main.c:428:6:Error_Handler	4	static,ignoring_inline_asm
