../Core/Src/UCM.c:15:6:CheckReceivedCAN	24	static
../Core/Src/UCM.c:80:6:ReadEEPROMconfig	32	static
../Core/Src/UCM.c:108:6:ConfigureReceiveFilter	56	static
../Core/Src/UCM.c:129:6:ConfigurePullUpDownResistors	32	static
../Core/Src/UCM.c:164:6:ConfigureDigitalOutputs	72	static
../Core/Src/UCM.c:209:6:ReadSingleEndedVoltage	32	static
../Core/Src/UCM.c:240:6:ReadDiffVoltage	48	static
../Core/Src/UCM.c:275:6:TransmitHeartBeat	8	static
../Core/Src/UCM.c:294:6:TransmitDigital	8	static
../Core/Src/UCM.c:304:6:UpdateDigital	8	static
../Core/Src/UCM.c:312:6:OffsetCalibrationADC	16	static
../Core/Src/UCM.c:329:6:UpdateOutputBiasResistors	4	static
../Core/Src/UCM.c:339:6:TransmitIOBiasStatus	8	static
../Core/Src/UCM.c:349:6:TransmitSingleEndedVoltage	8	static
../Core/Src/UCM.c:363:6:TransmitDifferentialVoltage	8	static
../Core/Src/UCM.c:388:6:canFramesDefine	12	static
../Core/Src/UCM.c:426:6:SingleEndedRead	4	static
../Core/Src/UCM.c:431:6:ioAssign	8	static
