../Core/Src/TempModule.c:19:15:EnergusConvertToTemp	24	static
../Core/Src/TempModule.c:32:6:TransmitHeartBeat	8	static
../Core/Src/TempModule.c:54:6:TransmitAnalogue	16	static
../Core/Src/TempModule.c:66:6:TransmitAnalogueRaw	16	static
../Core/Src/TempModule.c:80:6:TransmitCAN	16	static
../Core/Src/TempModule.c:119:6:CalculateVoltageReading	24	static
../Core/Src/TempModule.c:150:6:CalculateTemperature	24	static
../Core/Src/TempModule.c:163:6:UpdateAnalogue	56	static
../Core/Src/TempModule.c:182:6:canFramesDefine	24	static
../Core/Src/TempModule.c:231:6:ioAssign	8	static
../Core/Src/TempModule.c:270:6:initialiseADC	16	static
