../Core/Src/main.c:76:5:main	8	static
../Core/Src/main.c:167:6:SystemClock_Config	96	static
../Core/Src/main.c:214:13:MX_FDCAN2_Init	8	static
../Core/Src/main.c:257:13:MX_SPI1_Init	8	static
../Core/Src/main.c:297:13:MX_TIM2_Init	64	static
../Core/Src/main.c:368:13:MX_TIM4_Init	64	static
../Core/Src/main.c:427:13:MX_TIM15_Init	40	static
../Core/Src/main.c:473:13:MX_GPIO_Init	48	static
../Core/Src/main.c:530:6:HAL_TIM_PeriodElapsedCallback	16	static
../Core/Src/main.c:543:6:Error_Handler	8	static,ignoring_inline_asm
