../Core/Src/main.c:76:5:main	40	static
../Core/Src/main.c:169:6:SystemClock_Config	96	static
../Core/Src/main.c:216:13:MX_FDCAN2_Init	8	static
../Core/Src/main.c:259:13:MX_SPI1_Init	8	static
../Core/Src/main.c:299:13:MX_TIM2_Init	64	static
../Core/Src/main.c:370:13:MX_TIM4_Init	64	static
../Core/Src/main.c:429:13:MX_TIM15_Init	40	static
../Core/Src/main.c:475:13:MX_GPIO_Init	48	static
../Core/Src/main.c:532:6:HAL_TIM_PeriodElapsedCallback	16	static
../Core/Src/main.c:545:6:Error_Handler	8	static,ignoring_inline_asm
