../Core/Src/PDM.c:14:6:CheckReceivedCAN	16	static
../Core/Src/PDM.c:39:6:updatePWM	16	static
../Core/Src/PDM.c:72:6:TransmitHeartBeat	8	static
../Core/Src/PDM.c:91:6:TransmitDigital	8	static
../Core/Src/PDM.c:99:6:UpdateDigital	8	static
../Core/Src/PDM.c:105:6:TransmitDriverOut	24	static
../Core/Src/PDM.c:117:6:UpdateDriverOut	24	static
../Core/Src/PDM.c:160:6:TransmitCAN	16	static
../Core/Src/PDM.c:184:6:canFramesDefine	24	static
../Core/Src/PDM.c:217:6:ioAssign	8	static
../Core/Src/PDM.c:266:6:initialiseADC	8	static
