../Core/Src/PDM.c:14:6:CheckReceivedCAN	16	static
../Core/Src/PDM.c:40:6:updatePWM	24	static
../Core/Src/PDM.c:49:6:TransmitHeartBeat	8	static
../Core/Src/PDM.c:68:6:TransmitDigital	8	static
../Core/Src/PDM.c:76:6:UpdateDigital	8	static
../Core/Src/PDM.c:82:6:TransmitDriverOut	24	static
../Core/Src/PDM.c:94:6:UpdateDriverOut	24	static
../Core/Src/PDM.c:103:6:TransmitHSDrivers	24	static
../Core/Src/PDM.c:118:6:UpdateHSDrivers	16	static
../Core/Src/PDM.c:160:6:TransmitCAN	16	static
../Core/Src/PDM.c:193:6:canFramesDefine	24	static
../Core/Src/PDM.c:243:6:ioAssign	8	static
../Core/Src/PDM.c:272:6:initialiseADC	8	static
