Archive member included to satisfy reference by file (symbol)

C:/ST/STM32CubeIDE_1.15.1/STM32CubeIDE/plugins/com.st.stm32cube.ide.mcu.externaltools.gnu-tools-for-stm32.12.3.rel1.win32_1.0.100.202403111256/tools/bin/../lib/gcc/arm-none-eabi/12.3.1/../../../../arm-none-eabi/lib/thumb/v7-m/nofp\libc_nano.a(libc_a-exit.o)
                              C:/ST/STM32CubeIDE_1.15.1/STM32CubeIDE/plugins/com.st.stm32cube.ide.mcu.externaltools.gnu-tools-for-stm32.12.3.rel1.win32_1.0.100.202403111256/tools/bin/../lib/gcc/arm-none-eabi/12.3.1/../../../../arm-none-eabi/lib/thumb/v7-m/nofp/crt0.o (exit)
C:/ST/STM32CubeIDE_1.15.1/STM32CubeIDE/plugins/com.st.stm32cube.ide.mcu.externaltools.gnu-tools-for-stm32.12.3.rel1.win32_1.0.100.202403111256/tools/bin/../lib/gcc/arm-none-eabi/12.3.1/../../../../arm-none-eabi/lib/thumb/v7-m/nofp\libc_nano.a(libc_a-findfp.o)
                              C:/ST/STM32CubeIDE_1.15.1/STM32CubeIDE/plugins/com.st.stm32cube.ide.mcu.externaltools.gnu-tools-for-stm32.12.3.rel1.win32_1.0.100.202403111256/tools/bin/../lib/gcc/arm-none-eabi/12.3.1/../../../../arm-none-eabi/lib/thumb/v7-m/nofp\libc_nano.a(libc_a-exit.o) (__stdio_exit_handler)
C:/ST/STM32CubeIDE_1.15.1/STM32CubeIDE/plugins/com.st.stm32cube.ide.mcu.externaltools.gnu-tools-for-stm32.12.3.rel1.win32_1.0.100.202403111256/tools/bin/../lib/gcc/arm-none-eabi/12.3.1/../../../../arm-none-eabi/lib/thumb/v7-m/nofp\libc_nano.a(libc_a-fwalk.o)
                              C:/ST/STM32CubeIDE_1.15.1/STM32CubeIDE/plugins/com.st.stm32cube.ide.mcu.externaltools.gnu-tools-for-stm32.12.3.rel1.win32_1.0.100.202403111256/tools/bin/../lib/gcc/arm-none-eabi/12.3.1/../../../../arm-none-eabi/lib/thumb/v7-m/nofp\libc_nano.a(libc_a-findfp.o) (_fwalk_sglue)
C:/ST/STM32CubeIDE_1.15.1/STM32CubeIDE/plugins/com.st.stm32cube.ide.mcu.externaltools.gnu-tools-for-stm32.12.3.rel1.win32_1.0.100.202403111256/tools/bin/../lib/gcc/arm-none-eabi/12.3.1/../../../../arm-none-eabi/lib/thumb/v7-m/nofp\libc_nano.a(libc_a-stdio.o)
                              C:/ST/STM32CubeIDE_1.15.1/STM32CubeIDE/plugins/com.st.stm32cube.ide.mcu.externaltools.gnu-tools-for-stm32.12.3.rel1.win32_1.0.100.202403111256/tools/bin/../lib/gcc/arm-none-eabi/12.3.1/../../../../arm-none-eabi/lib/thumb/v7-m/nofp\libc_nano.a(libc_a-findfp.o) (__sread)
C:/ST/STM32CubeIDE_1.15.1/STM32CubeIDE/plugins/com.st.stm32cube.ide.mcu.externaltools.gnu-tools-for-stm32.12.3.rel1.win32_1.0.100.202403111256/tools/bin/../lib/gcc/arm-none-eabi/12.3.1/../../../../arm-none-eabi/lib/thumb/v7-m/nofp\libc_nano.a(libc_a-memset.o)
                              C:/ST/STM32CubeIDE_1.15.1/STM32CubeIDE/plugins/com.st.stm32cube.ide.mcu.externaltools.gnu-tools-for-stm32.12.3.rel1.win32_1.0.100.202403111256/tools/bin/../lib/gcc/arm-none-eabi/12.3.1/../../../../arm-none-eabi/lib/thumb/v7-m/nofp/crt0.o (memset)
C:/ST/STM32CubeIDE_1.15.1/STM32CubeIDE/plugins/com.st.stm32cube.ide.mcu.externaltools.gnu-tools-for-stm32.12.3.rel1.win32_1.0.100.202403111256/tools/bin/../lib/gcc/arm-none-eabi/12.3.1/../../../../arm-none-eabi/lib/thumb/v7-m/nofp\libc_nano.a(libc_a-closer.o)
                              C:/ST/STM32CubeIDE_1.15.1/STM32CubeIDE/plugins/com.st.stm32cube.ide.mcu.externaltools.gnu-tools-for-stm32.12.3.rel1.win32_1.0.100.202403111256/tools/bin/../lib/gcc/arm-none-eabi/12.3.1/../../../../arm-none-eabi/lib/thumb/v7-m/nofp\libc_nano.a(libc_a-stdio.o) (_close_r)
C:/ST/STM32CubeIDE_1.15.1/STM32CubeIDE/plugins/com.st.stm32cube.ide.mcu.externaltools.gnu-tools-for-stm32.12.3.rel1.win32_1.0.100.202403111256/tools/bin/../lib/gcc/arm-none-eabi/12.3.1/../../../../arm-none-eabi/lib/thumb/v7-m/nofp\libc_nano.a(libc_a-reent.o)
                              C:/ST/STM32CubeIDE_1.15.1/STM32CubeIDE/plugins/com.st.stm32cube.ide.mcu.externaltools.gnu-tools-for-stm32.12.3.rel1.win32_1.0.100.202403111256/tools/bin/../lib/gcc/arm-none-eabi/12.3.1/../../../../arm-none-eabi/lib/thumb/v7-m/nofp\libc_nano.a(libc_a-closer.o) (errno)
C:/ST/STM32CubeIDE_1.15.1/STM32CubeIDE/plugins/com.st.stm32cube.ide.mcu.externaltools.gnu-tools-for-stm32.12.3.rel1.win32_1.0.100.202403111256/tools/bin/../lib/gcc/arm-none-eabi/12.3.1/../../../../arm-none-eabi/lib/thumb/v7-m/nofp\libc_nano.a(libc_a-impure.o)
                              C:/ST/STM32CubeIDE_1.15.1/STM32CubeIDE/plugins/com.st.stm32cube.ide.mcu.externaltools.gnu-tools-for-stm32.12.3.rel1.win32_1.0.100.202403111256/tools/bin/../lib/gcc/arm-none-eabi/12.3.1/../../../../arm-none-eabi/lib/thumb/v7-m/nofp\libc_nano.a(libc_a-reent.o) (_impure_ptr)
C:/ST/STM32CubeIDE_1.15.1/STM32CubeIDE/plugins/com.st.stm32cube.ide.mcu.externaltools.gnu-tools-for-stm32.12.3.rel1.win32_1.0.100.202403111256/tools/bin/../lib/gcc/arm-none-eabi/12.3.1/../../../../arm-none-eabi/lib/thumb/v7-m/nofp\libc_nano.a(libc_a-lseekr.o)
[...]
Memory Configuration

Name             Origin             Length             Attributes
RAM              0x20000000         0x00005000         xrw
FLASH            0x08000000         0x00020000         xr
*default*        0x00000000         0xffffffff

Linker script and memory map

LOAD C:/ST/STM32CubeIDE_1.15.1/STM32CubeIDE/plugins/com.st.stm32cube.ide.mcu.externaltools.gnu-tools-for-stm32.12.3.rel1.win32_1.0.100.202403111256/tools/bin/../lib/gcc/arm-none-eabi/12.3.1/thumb/v7-m/nofp/crti.o
LOAD C:/ST/STM32CubeIDE_1.15.1/STM32CubeIDE/plugins/com.st.stm32cube.ide.mcu.externaltools.gnu-tools-for-stm32.12.3.rel1.win32_1.0.100.202403111256/tools/bin/../lib/gcc/arm-none-eabi/12.3.1/thumb/v7-m/nofp/crtbegin.o
LOAD C:/ST/STM32CubeIDE_1.15.1/STM32CubeIDE/plugins/com.st.stm32cube.ide.mcu.externaltools.gnu-tools-for-stm32.12.3.rel1.win32_1.0.100.202403111256/tools/bin/../lib/gcc/arm-none-eabi/12.3.1/../../../../arm-none-eabi/lib/thumb/v7-m/nofp/crt0.o
LOAD ./Core/Src/EEPROM_24FC.o
LOAD ./Core/Src/Ticker.o
LOAD ./Core/Src/UCM.o
LOAD ./Core/Src/ads122c04.o
LOAD ./Core/Src/main.o
LOAD ./Core/Src/stm32f1xx_hal_msp.o
LOAD ./Core/Src/stm32f1xx_it.o
LOAD ./Core/Src/syscalls.o
LOAD ./Core/Src/sysmem.o
LOAD ./Core/Src/system_stm32f1xx.o
LOAD ./Core/Startup/startup_stm32f103tbux.o
LOAD ./Drivers/STM32F1xx_HAL_Driver/Src/stm32f1xx_hal.o
LOAD ./Drivers/STM32F1xx_HAL_Driver/Src/stm32f1xx_hal_can.o
LOAD ./Drivers/STM32F1xx_HAL_Driver/Src/stm32f1xx_hal_cortex.o
LOAD ./Drivers/STM32F1xx_HAL_Driver/Src/stm32f1xx_hal_dma.o
LOAD ./Drivers/STM32F1xx_HAL_Driver/Src/stm32f1xx_hal_exti.o
LOAD ./Drivers/STM32F1xx_HAL_Driver/Src/stm32f1xx_hal_flash.o
LOAD ./Drivers/STM32F1xx_HAL_Driver/Src/stm32f1xx_hal_flash_ex.o
LOAD ./Drivers/STM32F1xx_HAL_Driver/Src/stm32f1xx_hal_gpio.o
LOAD ./Drivers/STM32F1xx_HAL_Driver/Src/stm32f1xx_hal_gpio_ex.o
LOAD ./Drivers/STM32F1xx_HAL_Driver/Src/stm32f1xx_hal_i2c.o
LOAD ./Drivers/STM32F1xx_HAL_Driver/Src/stm32f1xx_hal_pwr.o
LOAD ./Drivers/STM32F1xx_HAL_Driver/Src/stm32f1xx_hal_rcc.o
LOAD ./Drivers/STM32F1xx_HAL_Driver/Src/stm32f1xx_hal_rcc_ex.o
LOAD ./Drivers/STM32F1xx_HAL_Driver/Src/stm32f1xx_hal_tim.o
LOAD ./Drivers/STM32F1xx_HAL_Driver/Src/stm32f1xx_hal_tim_ex.o
START GROUP
LOAD C:/ST/STM32CubeIDE_1.15.1/STM32CubeIDE/plugins/com.st.stm32cube.ide.mcu.externaltools.gnu-tools-for-stm32.12.3.rel1.win32_1.0.100.202403111256/tools/bin/../lib/gcc/arm-none-eabi/12.3.1/../../../../arm-none-eabi/lib/thumb/v7-m/nofp\libc_nano.a
LOAD C:/ST/STM32CubeIDE_1.15.1/STM32CubeIDE/plugins/com.st.stm32cube.ide.mcu.externaltools.gnu-tools-for-stm32.12.3.rel1.win32_1.0.100.202403111256/tools/bin/../lib/gcc/arm-none-eabi/12.3.1/../../../../arm-none-eabi/lib/thumb/v7-m/nofp\libm.a
END GROUP
START GROUP
LOAD C:/ST/STM32CubeIDE_1.15.1/STM32CubeIDE/plugins/com.st.stm32cube.ide.mcu.externaltools.gnu-tools-for-stm32.12.3.rel1.win32_1.0.100.202403111256/tools/bin/../lib/gcc/arm-none-eabi/12.3.1/thumb/v7-m/nofp\libgcc.a
LOAD C:/ST/STM32CubeIDE_1.15.1/STM32CubeIDE/plugins/com.st.stm32cube.ide.mcu.externaltools.gnu-tools-for-stm32.12.3.rel1.win32_1.0.100.202403111256/tools/bin/../lib/gcc/arm-none-eabi/12.3.1/../../../../arm-none-eabi/lib/thumb/v7-m/nofp\libc_nano.a
END GROUP
START GROUP
LOAD C:/ST/STM32CubeIDE_1.15.1/STM32CubeIDE/plugins/com.st.stm32cube.ide.mcu.externaltools.gnu-tools-for-stm32.12.3.rel1.win32_1.0.100.202403111256/tools/bin/../lib/gcc/arm-none-eabi/12.3.1/thumb/v7-m/nofp\libgcc.a
LOAD C:/ST/STM32CubeIDE_1.15.1/STM32CubeIDE/plugins/com.st.stm32cube.ide.mcu.externaltools.gnu-tools-for-stm32.12.3.rel1.win32_1.0.100.202403111256/tools/bin/../lib/gcc/arm-none-eabi/12.3.1/../../../../arm-none-eabi/lib/thumb/v7-m/nofp\libc_nano.a
LOAD C:/ST/STM32CubeIDE_1.15.1/STM32CubeIDE/plugins/com.st.stm32cube.ide.mcu.externaltools.gnu-tools-for-stm32.12.3.rel1.win32_1.0.100.202403111256/tools/bin/../lib/gcc/arm-none-eabi/12.3.1/../../../../arm-none-eabi/lib/thumb/v7-m/nofp\libnosys.a
END GROUP
START GROUP
LOAD C:/ST/STM32CubeIDE_1.15.1/STM32CubeIDE/plugins/com.st.stm32cube.ide.mcu.externaltools.gnu-tools-for-stm32.12.3.rel1.win32_1.0.100.202403111256/tools/bin/../lib/gcc/arm-none-eabi/12.3.1/thumb/v7-m/nofp\libgcc.a
LOAD C:/ST/STM32CubeIDE_1.15.1/STM32CubeIDE/plugins/com.st.stm32cube.ide.mcu.externaltools.gnu-tools-for-stm32.12.3.rel1.win32_1.0.100.202403111256/tools/bin/../lib/gcc/arm-none-eabi/12.3.1/../../../../arm-none-eabi/lib/thumb/v7-m/nofp\libc_nano.a
LOAD C:/ST/STM32CubeIDE_1.15.1/STM32CubeIDE/plugins/com.st.stm32cube.ide.mcu.externaltools.gnu-tools-for-stm32.12.3.rel1.win32_1.0.100.202403111256/tools/bin/../lib/gcc/arm-none-eabi/12.3.1/../../../../arm-none-eabi/lib/thumb/v7-m/nofp\libnosys.a
END GROUP
LOAD C:/ST/STM32CubeIDE_1.15.1/STM32CubeIDE/plugins/com.st.stm32cube.ide.mcu.externaltools.gnu-tools-for-stm32.12.3.rel1.win32_1.0.100.202403111256/tools/bin/../lib/gcc/arm-none-eabi/12.3.1/thumb/v7-m/nofp/crtend.o
LOAD C:/ST/STM32CubeIDE_1.15.1/STM32CubeIDE/plugins/com.st.stm32cube.ide.mcu.externaltools.gnu-tools-for-stm32.12.3.rel1.win32_1.0.100.202403111256/tools/bin/../lib/gcc/arm-none-eabi/12.3.1/thumb/v7-m/nofp/crtn.o
                0x20005000                        _estack = (ORIGIN (RAM) + LENGTH (RAM))
                0x00000200                        _Min_Heap_Size = 0x200
                0x00000400                        _Min_Stack_Size = 0x400

.isr_vector     0x08000000      0x10c
                0x08000000                        . = ALIGN (0x4)
 *(.isr_vector)
 .isr_vector    0x08000000      0x10c ./Core/Startup/startup_stm32f103tbux.o
                0x08000000                g_pfnVectors
                0x0800010c                        . = ALIGN (0x4)

.text           0x0800010c     0x5c9c
                0x0800010c                        . = ALIGN (0x4)
 *(.text)
 .text          0x0800010c       0x40 C:/ST/STM32CubeIDE_1.15.1/STM32CubeIDE/plugins/com.st.stm32cube.ide.mcu.externaltools.gnu-tools-for-stm32.12.3.rel1.win32_1.0.100.202403111256/tools/bin/../lib/gcc/arm-none-eabi/12.3.1/thumb/v7-m/nofp/crtbegin.o
 .text          0x0800014c      0x378 C:/ST/STM32CubeIDE_1.15.1/STM32CubeIDE/plugins/com.st.stm32cube.ide.mcu.externaltools.gnu-tools-for-stm32.12.3.rel1.win32_1.0.100.202403111256/tools/bin/../lib/gcc/arm-none-eabi/12.3.1/thumb/v7-m/nofp\libgcc.a(_arm_addsubdf3.o)
                0x0800014c                __aeabi_drsub
                0x08000154                __aeabi_dsub
                0x08000154                __subdf3
                0x08000158                __aeabi_dadd
                0x08000158                __adddf3
                0x080003d0                __floatunsidf
                0x080003d0                __aeabi_ui2d
                0x080003f0                __floatsidf
                0x080003f0                __aeabi_i2d
                0x08000414                __aeabi_f2d
                0x08000414                __extendsfdf2
                0x08000458                __floatundidf
                0x08000458                __aeabi_ul2d
                0x08000468                __floatdidf
                0x08000468                __aeabi_l2d
 .text          0x080004c4      0x424 C:/ST/STM32CubeIDE_1.15.1/STM32CubeIDE/plugins/com.st.stm32cube.ide.mcu.externaltools.gnu-tools-for-stm32.12.3.rel1.win32_1.0.100.202403111256/tools/bin/../lib/gcc/arm-none-eabi/12.3.1/thumb/v7-m/nofp\libgcc.a(_arm_muldivdf3.o)
                0x080004c4                __aeabi_dmul
                0x080004c4                __muldf3
                0x08000718                __divdf3
                0x08000718                __aeabi_ddiv
 .text          0x080008e8       0x50 C:/ST/STM32CubeIDE_1.15.1/STM32CubeIDE/plugins/com.st.stm32cube.ide.mcu.externaltools.gnu-tools-for-stm32.12.3.rel1.win32_1.0.100.202403111256/tools/bin/../lib/gcc/arm-none-eabi/12.3.1/thumb/v7-m/nofp\libgcc.a(_arm_fixdfsi.o)
                0x080008e8                __aeabi_d2iz
                0x080008e8                __fixdfsi
 .text          0x08000938       0x40 C:/ST/STM32CubeIDE_1.15.1/STM32CubeIDE/plugins/com.st.stm32cube.ide.mcu.externaltools.gnu-tools-for-stm32.12.3.rel1.win32_1.0.100.202403111256/tools/bin/../lib/gcc/arm-none-eabi/12.3.1/thumb/v7-m/nofp\libgcc.a(_arm_fixunsdfsi.o)
                0x08000938                __aeabi_d2uiz
                0x08000938                __fixunsdfsi
 *(.text*)
 .text.EEPROM_24FC_Init
                0x08000978       0x1c ./Core/Src/EEPROM_24FC.o
                0x08000978                EEPROM_24FC_Init
 .text.EEPROM_24FC_I2C_Write
                0x08000994       0x34 ./Core/Src/EEPROM_24FC.o
 .text.EEPROM_24FC_I2C_Read
                0x080009c8       0x38 ./Core/Src/EEPROM_24FC.o
 .text.EEPROM_24FC_Poll
                0x08000a00       0x28 ./Core/Src/EEPROM_24FC.o
                0x08000a00                EEPROM_24FC_Poll
 .text.EEPROM_24FC_ByteWrite
                0x08000a28       0x56 ./Core/Src/EEPROM_24FC.o
                0x08000a28                EEPROM_24FC_ByteWrite
 .text.EEPROM_24FC_ByteRead
                0x08000a7e       0x48 ./Core/Src/EEPROM_24FC.o
                0x08000a7e                EEPROM_24FC_ByteRead
 .text.TickerAttach
                0x08000ac6       0x4c ./Core/Src/Ticker.o
                0x08000ac6                TickerAttach
 .text.TickerHandler
                0x08000b12       0x74 ./Core/Src/Ticker.o
                0x08000b12                TickerHandler
 *fill*         0x08000b86        0x2 
 .text.CheckReceivedCAN
                0x08000b88      0x180 ./Core/Src/UCM.o
                0x08000b88                CheckReceivedCAN
 .text.ReadEEPROMconfig
                0x08000d08       0xc8 ./Core/Src/UCM.o
                0x08000d08                ReadEEPROMconfig
 .text.ConfigureReceiveFilter
                0x08000dd0       0x78 ./Core/Src/UCM.o
                0x08000dd0                ConfigureReceiveFilter
 .text.ConfigurePullUpDownResistors
                0x08000e48      0x108 ./Core/Src/UCM.o
                0x08000e48                ConfigurePullUpDownResistors
 .text.ConfigureDigitalOutputs
                0x08000f50      0x14c ./Core/Src/UCM.o
                0x08000f50                ConfigureDigitalOutputs
 .text.ReadSingleEndedVoltage
                0x0800109c       0xec ./Core/Src/UCM.o
                0x0800109c                ReadSingleEndedVoltage
 .text.ReadDiffVoltage
                0x08001188      0x190 ./Core/Src/UCM.o
                0x08001188                ReadDiffVoltage
 .text.TransmitHeartBeat
                0x08001318       0x64 ./Core/Src/UCM.o
                0x08001318                TransmitHeartBeat
 .text.OffsetCalibrationADC
                0x0800137c       0x68 ./Core/Src/UCM.o
                0x0800137c                OffsetCalibrationADC
 .text.TransmitSingleEndedVoltage
                0x080013e4       0x98 ./Core/Src/UCM.o
                0x080013e4                TransmitSingleEndedVoltage
 .text.TransmitDifferentialVoltage
                0x0800147c       0x68 ./Core/Src/UCM.o
                0x0800147c                TransmitDifferentialVoltage
 .text.canFramesDefine
                0x080014e4      0x148 ./Core/Src/UCM.o
                0x080014e4                canFramesDefine
 .text.ioAssign
                0x0800162c       0xbc ./Core/Src/UCM.o
                0x0800162c                ioAssign
 .text.ADS122C04_Init
                0x080016e8       0xc0 ./Core/Src/ads122c04.o
                0x080016e8                ADS122C04_Init
 .text.ADS122C04_I2C_Write
                0x080017a8       0x34 ./Core/Src/ads122c04.o
 .text.ADS122C04_I2C_Read
                0x080017dc       0x38 ./Core/Src/ads122c04.o
 .text.ADS122C04_WriteStartSync
                0x08001814       0x22 ./Core/Src/ads122c04.o
                0x08001814                ADS122C04_WriteStartSync
 .text.ADS122C04_ReadData
                0x08001836       0x3c ./Core/Src/ads122c04.o
                0x08001836                ADS122C04_ReadData
 .text.ADS122C04_WriteRegister
                0x08001872       0x3e ./Core/Src/ads122c04.o
                0x08001872                ADS122C04_WriteRegister
 .text.ADS122C04_Configurate
                0x080018b0       0x40 ./Core/Src/ads122c04.o
                0x080018b0                ADS122C04_Configurate
 .text.main     0x080018f0       0xb4 ./Core/Src/main.o
                0x080018f0                main
 .text.SystemClock_Config
                0x080019a4       0x82 ./Core/Src/main.o
                0x080019a4                SystemClock_Config
 *fill*         0x08001a26        0x2 
 .text.MX_CAN_Init
                0x08001a28       0x70 ./Core/Src/main.o
 .text.MX_I2C1_Init
                0x08001a98       0x5c ./Core/Src/main.o
 .text.MX_TIM2_Init
                0x08001af4       0x98 ./Core/Src/main.o
 .text.MX_TIM3_Init
                0x08001b8c       0x9c ./Core/Src/main.o
 .text.MX_GPIO_Init
                0x08001c28       0xb0 ./Core/Src/main.o
 .text.HAL_TIM_PeriodElapsedCallback
                0x08001cd8       0x28 ./Core/Src/main.o
                0x08001cd8                HAL_TIM_PeriodElapsedCallback
 .text.HAL_CAN_RxFifo0MsgPendingCallback
                0x08001d00       0x16 ./Core/Src/main.o
                0x08001d00                HAL_CAN_RxFifo0MsgPendingCallback
 .text.Error_Handler
                0x08001d16       0x10 ./Core/Src/main.o
                0x08001d16                Error_Handler
 *fill*         0x08001d26        0x2 
 .text.HAL_MspInit
                0x08001d28       0x64 ./Core/Src/stm32f1xx_hal_msp.o
                0x08001d28                HAL_MspInit
 .text.HAL_CAN_MspInit
                0x08001d8c       0xa8 ./Core/Src/stm32f1xx_hal_msp.o
                0x08001d8c                HAL_CAN_MspInit
 .text.HAL_I2C_MspInit
                0x08001e34       0x7c ./Core/Src/stm32f1xx_hal_msp.o
                0x08001e34                HAL_I2C_MspInit
 .text.HAL_TIM_Base_MspInit
                0x08001eb0       0x80 ./Core/Src/stm32f1xx_hal_msp.o
                0x08001eb0                HAL_TIM_Base_MspInit
 .text.NMI_Handler
                0x08001f30        0x8 ./Core/Src/stm32f1xx_it.o
                0x08001f30                NMI_Handler
 .text.HardFault_Handler
                0x08001f38        0x8 ./Core/Src/stm32f1xx_it.o
                0x08001f38                HardFault_Handler
 .text.MemManage_Handler
                0x08001f40        0x8 ./Core/Src/stm32f1xx_it.o
                0x08001f40                MemManage_Handler
 .text.BusFault_Handler
                0x08001f48        0x8 ./Core/Src/stm32f1xx_it.o
                0x08001f48                BusFault_Handler
 .text.UsageFault_Handler
                0x08001f50        0x8 ./Core/Src/stm32f1xx_it.o
                0x08001f50                UsageFault_Handler
 .text.SVC_Handler
                0x08001f58        0xc ./Core/Src/stm32f1xx_it.o
                0x08001f58                SVC_Handler
 .text.DebugMon_Handler
                0x08001f64        0xc ./Core/Src/stm32f1xx_it.o
                0x08001f64                DebugMon_Handler
 .text.PendSV_Handler
                0x08001f70        0xc ./Core/Src/stm32f1xx_it.o
                0x08001f70                PendSV_Handler
 .text.SysTick_Handler
                0x08001f7c        0xc ./Core/Src/stm32f1xx_it.o
                0x08001f7c                SysTick_Handler
 .text.USB_LP_CAN1_RX0_IRQHandler
                0x08001f88       0x14 ./Core/Src/stm32f1xx_it.o
                0x08001f88                USB_LP_CAN1_RX0_IRQHandler
 .text.TIM2_IRQHandler
                0x08001f9c       0x14 ./Core/Src/stm32f1xx_it.o
                0x08001f9c                TIM2_IRQHandler
 .text.TIM3_IRQHandler
                0x08001fb0       0x14 ./Core/Src/stm32f1xx_it.o
                0x08001fb0                TIM3_IRQHandler
 .text.SystemInit
                0x08001fc4        0xc ./Core/Src/system_stm32f1xx.o
                0x08001fc4                SystemInit
 .text.Reset_Handler
                0x08001fd0       0x48 ./Core/Startup/startup_stm32f103tbux.o
                0x08001fd0                Reset_Handler
 .text.Default_Handler
                0x08002018        0x2 ./Core/Startup/startup_stm32f103tbux.o
                0x08002018                RTC_Alarm_IRQHandler
                0x08002018                EXTI2_IRQHandler
                0x08002018                TIM1_CC_IRQHandler
                0x08002018                PVD_IRQHandler
                0x08002018                EXTI3_IRQHandler
                0x08002018                EXTI0_IRQHandler
                0x08002018                I2C2_EV_IRQHandler
                0x08002018                ADC1_2_IRQHandler
                0x08002018                SPI1_IRQHandler
                0x08002018                TAMPER_IRQHandler
                0x08002018                DMA1_Channel4_IRQHandler
                0x08002018                USART3_IRQHandler
                0x08002018                RTC_IRQHandler
                0x08002018                DMA1_Channel7_IRQHandler
                0x08002018                CAN1_RX1_IRQHandler
                0x08002018                TIM4_IRQHandler
                0x08002018                I2C1_EV_IRQHandler
                0x08002018                DMA1_Channel6_IRQHandler
                0x08002018                RCC_IRQHandler
                0x08002018                TIM1_TRG_COM_IRQHandler
                0x08002018                DMA1_Channel1_IRQHandler
                0x08002018                Default_Handler
                0x08002018                EXTI15_10_IRQHandler
                0x08002018                EXTI9_5_IRQHandler
                0x08002018                SPI2_IRQHandler
                0x08002018                DMA1_Channel5_IRQHandler
                0x08002018                EXTI4_IRQHandler
                0x08002018                USB_HP_CAN1_TX_IRQHandler
                0x08002018                DMA1_Channel3_IRQHandler
                0x08002018                TIM1_UP_IRQHandler
                0x08002018                WWDG_IRQHandler
                0x08002018                TIM1_BRK_IRQHandler
                0x08002018                EXTI1_IRQHandler
                0x08002018                USART2_IRQHandler
                0x08002018                I2C2_ER_IRQHandler
                0x08002018                DMA1_Channel2_IRQHandler
                0x08002018                CAN1_SCE_IRQHandler
                0x08002018                FLASH_IRQHandler
                0x08002018                USART1_IRQHandler
                0x08002018                I2C1_ER_IRQHandler
                0x08002018                USBWakeUp_IRQHandler
 *fill*         0x0800201a        0x2 
 .text.HAL_Init
                0x0800201c       0x2c ./Drivers/STM32F1xx_HAL_Driver/Src/stm32f1xx_hal.o
                0x0800201c                HAL_Init
 .text.HAL_InitTick
                0x08002048       0x60 ./Drivers/STM32F1xx_HAL_Driver/Src/stm32f1xx_hal.o
                0x08002048                HAL_InitTick
 .text.HAL_IncTick
                0x080020a8       0x24 ./Drivers/STM32F1xx_HAL_Driver/Src/stm32f1xx_hal.o
                0x080020a8                HAL_IncTick
 .text.HAL_GetTick
                0x080020cc       0x14 ./Drivers/STM32F1xx_HAL_Driver/Src/stm32f1xx_hal.o
                0x080020cc                HAL_GetTick
 .text.HAL_Delay
                0x080020e0       0x48 ./Drivers/STM32F1xx_HAL_Driver/Src/stm32f1xx_hal.o
                0x080020e0                HAL_Delay
 .text.HAL_CAN_Init
                0x08002128      0x1f6 ./Drivers/STM32F1xx_HAL_Driver/Src/stm32f1xx_hal_can.o
                0x08002128                HAL_CAN_Init
 .text.HAL_CAN_ConfigFilter
                0x0800231e      0x192 ./Drivers/STM32F1xx_HAL_Driver/Src/stm32f1xx_hal_can.o
                0x0800231e                HAL_CAN_ConfigFilter
 .text.HAL_CAN_Start
                0x080024b0       0x88 ./Drivers/STM32F1xx_HAL_Driver/Src/stm32f1xx_hal_can.o
                0x080024b0                HAL_CAN_Start
 .text.HAL_CAN_AddTxMessage
                0x08002538      0x19e ./Drivers/STM32F1xx_HAL_Driver/Src/stm32f1xx_hal_can.o
                0x08002538                HAL_CAN_AddTxMessage
 .text.HAL_CAN_GetRxMessage
                0x080026d6      0x242 ./Drivers/STM32F1xx_HAL_Driver/Src/stm32f1xx_hal_can.o
                0x080026d6                HAL_CAN_GetRxMessage
 .text.HAL_CAN_IRQHandler
                0x08002918      0x36e ./Drivers/STM32F1xx_HAL_Driver/Src/stm32f1xx_hal_can.o
                0x08002918                HAL_CAN_IRQHandler
 .text.HAL_CAN_TxMailbox0CompleteCallback
                0x08002c86       0x12 ./Drivers/STM32F1xx_HAL_Driver/Src/stm32f1xx_hal_can.o
                0x08002c86                HAL_CAN_TxMailbox0CompleteCallback
 .text.HAL_CAN_TxMailbox1CompleteCallback
                0x08002c98       0x12 ./Drivers/STM32F1xx_HAL_Driver/Src/stm32f1xx_hal_can.o
                0x08002c98                HAL_CAN_TxMailbox1CompleteCallback
 .text.HAL_CAN_TxMailbox2CompleteCallback
                0x08002caa       0x12 ./Drivers/STM32F1xx_HAL_Driver/Src/stm32f1xx_hal_can.o
                0x08002caa                HAL_CAN_TxMailbox2CompleteCallback
 .text.HAL_CAN_TxMailbox0AbortCallback
                0x08002cbc       0x12 ./Drivers/STM32F1xx_HAL_Driver/Src/stm32f1xx_hal_can.o
                0x08002cbc                HAL_CAN_TxMailbox0AbortCallback
 .text.HAL_CAN_TxMailbox1AbortCallback
                0x08002cce       0x12 ./Drivers/STM32F1xx_HAL_Driver/Src/stm32f1xx_hal_can.o
                0x08002cce                HAL_CAN_TxMailbox1AbortCallback
 .text.HAL_CAN_TxMailbox2AbortCallback
                0x08002ce0       0x12 ./Drivers/STM32F1xx_HAL_Driver/Src/stm32f1xx_hal_can.o
                0x08002ce0                HAL_CAN_TxMailbox2AbortCallback
 .text.HAL_CAN_RxFifo0FullCallback
                0x08002cf2       0x12 ./Drivers/STM32F1xx_HAL_Driver/Src/stm32f1xx_hal_can.o
                0x08002cf2                HAL_CAN_RxFifo0FullCallback
 .text.HAL_CAN_RxFifo1MsgPendingCallback
                0x08002d04       0x12 ./Drivers/STM32F1xx_HAL_Driver/Src/stm32f1xx_hal_can.o
                0x08002d04                HAL_CAN_RxFifo1MsgPendingCallback
 .text.HAL_CAN_RxFifo1FullCallback
                0x08002d16       0x12 ./Drivers/STM32F1xx_HAL_Driver/Src/stm32f1xx_hal_can.o
                0x08002d16                HAL_CAN_RxFifo1FullCallback
 .text.HAL_CAN_SleepCallback
                0x08002d28       0x12 ./Drivers/STM32F1xx_HAL_Driver/Src/stm32f1xx_hal_can.o
                0x08002d28                HAL_CAN_SleepCallback
 .text.HAL_CAN_WakeUpFromRxMsgCallback
                0x08002d3a       0x12 ./Drivers/STM32F1xx_HAL_Driver/Src/stm32f1xx_hal_can.o
                0x08002d3a                HAL_CAN_WakeUpFromRxMsgCallback
 .text.HAL_CAN_ErrorCallback
                0x08002d4c       0x12 ./Drivers/STM32F1xx_HAL_Driver/Src/stm32f1xx_hal_can.o
                0x08002d4c                HAL_CAN_ErrorCallback
 *fill*         0x08002d5e        0x2 
 .text.__NVIC_SetPriorityGrouping
                0x08002d60       0x48 ./Drivers/STM32F1xx_HAL_Driver/Src/stm32f1xx_hal_cortex.o
 .text.__NVIC_GetPriorityGrouping
                0x08002da8       0x1c ./Drivers/STM32F1xx_HAL_Driver/Src/stm32f1xx_hal_cortex.o
 .text.__NVIC_EnableIRQ
                0x08002dc4       0x38 ./Drivers/STM32F1xx_HAL_Driver/Src/stm32f1xx_hal_cortex.o
 .text.__NVIC_SetPriority
                0x08002dfc       0x54 ./Drivers/STM32F1xx_HAL_Driver/Src/stm32f1xx_hal_cortex.o
 .text.NVIC_EncodePriority
                0x08002e50       0x64 ./Drivers/STM32F1xx_HAL_Driver/Src/stm32f1xx_hal_cortex.o
 .text.SysTick_Config
                0x08002eb4       0x44 ./Drivers/STM32F1xx_HAL_Driver/Src/stm32f1xx_hal_cortex.o
 .text.HAL_NVIC_SetPriorityGrouping
                0x08002ef8       0x16 ./Drivers/STM32F1xx_HAL_Driver/Src/stm32f1xx_hal_cortex.o
                0x08002ef8                HAL_NVIC_SetPriorityGrouping
 .text.HAL_NVIC_SetPriority
                0x08002f0e       0x38 ./Drivers/STM32F1xx_HAL_Driver/Src/stm32f1xx_hal_cortex.o
                0x08002f0e                HAL_NVIC_SetPriority
 .text.HAL_NVIC_EnableIRQ
                0x08002f46       0x1c ./Drivers/STM32F1xx_HAL_Driver/Src/stm32f1xx_hal_cortex.o
                0x08002f46                HAL_NVIC_EnableIRQ
 .text.HAL_SYSTICK_Config
                0x08002f62       0x18 ./Drivers/STM32F1xx_HAL_Driver/Src/stm32f1xx_hal_cortex.o
                0x08002f62                HAL_SYSTICK_Config
 *fill*         0x08002f7a        0x2 
 .text.HAL_GPIO_Init
                0x08002f7c      0x308 ./Drivers/STM32F1xx_HAL_Driver/Src/stm32f1xx_hal_gpio.o
                0x08002f7c                HAL_GPIO_Init
 .text.HAL_GPIO_WritePin
                0x08003284       0x30 ./Drivers/STM32F1xx_HAL_Driver/Src/stm32f1xx_hal_gpio.o
                0x08003284                HAL_GPIO_WritePin
 .text.HAL_GPIO_TogglePin
                0x080032b4       0x32 ./Drivers/STM32F1xx_HAL_Driver/Src/stm32f1xx_hal_gpio.o
                0x080032b4                HAL_GPIO_TogglePin
 *fill*         0x080032e6        0x2 
 .text.HAL_I2C_Init
                0x080032e8      0x288 ./Drivers/STM32F1xx_HAL_Driver/Src/stm32f1xx_hal_i2c.o
                0x080032e8                HAL_I2C_Init
 .text.HAL_I2C_Master_Transmit
                0x08003570      0x1fc ./Drivers/STM32F1xx_HAL_Driver/Src/stm32f1xx_hal_i2c.o
                0x08003570                HAL_I2C_Master_Transmit
 .text.HAL_I2C_Master_Receive
                0x0800376c      0x4d8 ./Drivers/STM32F1xx_HAL_Driver/Src/stm32f1xx_hal_i2c.o
                0x0800376c                HAL_I2C_Master_Receive
 .text.HAL_I2C_IsDeviceReady
                0x08003c44      0x25c ./Drivers/STM32F1xx_HAL_Driver/Src/stm32f1xx_hal_i2c.o
                0x08003c44                HAL_I2C_IsDeviceReady
 .text.I2C_MasterRequestWrite
                0x08003ea0      0x104 ./Drivers/STM32F1xx_HAL_Driver/Src/stm32f1xx_hal_i2c.o
 .text.I2C_MasterRequestRead
                0x08003fa4      0x19c ./Drivers/STM32F1xx_HAL_Driver/Src/stm32f1xx_hal_i2c.o
 .text.I2C_WaitOnFlagUntilTimeout
                0x08004140       0xf4 ./Drivers/STM32F1xx_HAL_Driver/Src/stm32f1xx_hal_i2c.o
 .text.I2C_WaitOnMasterAddressFlagUntilTimeout
                0x08004234      0x140 ./Drivers/STM32F1xx_HAL_Driver/Src/stm32f1xx_hal_i2c.o
 .text.I2C_WaitOnTXEFlagUntilTimeout
                0x08004374       0x90 ./Drivers/STM32F1xx_HAL_Driver/Src/stm32f1xx_hal_i2c.o
 .text.I2C_WaitOnBTFFlagUntilTimeout
                0x08004404       0x90 ./Drivers/STM32F1xx_HAL_Driver/Src/stm32f1xx_hal_i2c.o
 .text.I2C_WaitOnRXNEFlagUntilTimeout
                0x08004494       0xba ./Drivers/STM32F1xx_HAL_Driver/Src/stm32f1xx_hal_i2c.o
 .text.I2C_IsAcknowledgeFailed
                0x0800454e       0x5c ./Drivers/STM32F1xx_HAL_Driver/Src/stm32f1xx_hal_i2c.o
 *fill*         0x080045aa        0x2 
 .text.HAL_RCC_OscConfig
                0x080045ac      0x504 ./Drivers/STM32F1xx_HAL_Driver/Src/stm32f1xx_hal_rcc.o
                0x080045ac                HAL_RCC_OscConfig
 .text.HAL_RCC_ClockConfig
                0x08004ab0      0x1d4 ./Drivers/STM32F1xx_HAL_Driver/Src/stm32f1xx_hal_rcc.o
                0x08004ab0                HAL_RCC_ClockConfig
 .text.HAL_RCC_GetSysClockFreq
                0x08004c84       0xa8 ./Drivers/STM32F1xx_HAL_Driver/Src/stm32f1xx_hal_rcc.o
                0x08004c84                HAL_RCC_GetSysClockFreq
 .text.HAL_RCC_GetHCLKFreq
                0x08004d2c       0x14 ./Drivers/STM32F1xx_HAL_Driver/Src/stm32f1xx_hal_rcc.o
                0x08004d2c                HAL_RCC_GetHCLKFreq
 .text.HAL_RCC_GetPCLK1Freq
                0x08004d40       0x28 ./Drivers/STM32F1xx_HAL_Driver/Src/stm32f1xx_hal_rcc.o
                0x08004d40                HAL_RCC_GetPCLK1Freq
 .text.RCC_Delay
                0x08004d68       0x3c ./Drivers/STM32F1xx_HAL_Driver/Src/stm32f1xx_hal_rcc.o
 .text.HAL_TIM_Base_Init
                0x08004da4       0x9e ./Drivers/STM32F1xx_HAL_Driver/Src/stm32f1xx_hal_tim.o
                0x08004da4                HAL_TIM_Base_Init
 *fill*         0x08004e42        0x2 
 .text.HAL_TIM_Base_Start_IT
                0x08004e44       0xa4 ./Drivers/STM32F1xx_HAL_Driver/Src/stm32f1xx_hal_tim.o
                0x08004e44                HAL_TIM_Base_Start_IT
 .text.HAL_TIM_PWM_Init
                0x08004ee8       0x9e ./Drivers/STM32F1xx_HAL_Driver/Src/stm32f1xx_hal_tim.o
                0x08004ee8                HAL_TIM_PWM_Init
 .text.HAL_TIM_PWM_MspInit
                0x08004f86       0x12 ./Drivers/STM32F1xx_HAL_Driver/Src/stm32f1xx_hal_tim.o
                0x08004f86                HAL_TIM_PWM_MspInit
 .text.HAL_TIM_PWM_Start
                0x08004f98      0x144 ./Drivers/STM32F1xx_HAL_Driver/Src/stm32f1xx_hal_tim.o
                0x08004f98                HAL_TIM_PWM_Start
 .text.HAL_TIM_PWM_Stop
                0x080050dc       0xc8 ./Drivers/STM32F1xx_HAL_Driver/Src/stm32f1xx_hal_tim.o
                0x080050dc                HAL_TIM_PWM_Stop
 .text.HAL_TIM_IRQHandler
                0x080051a4      0x210 ./Drivers/STM32F1xx_HAL_Driver/Src/stm32f1xx_hal_tim.o
                0x080051a4                HAL_TIM_IRQHandler
 .text.HAL_TIM_PWM_ConfigChannel
                0x080053b4      0x184 ./Drivers/STM32F1xx_HAL_Driver/Src/stm32f1xx_hal_tim.o
                0x080053b4                HAL_TIM_PWM_ConfigChannel
 .text.HAL_TIM_ConfigClockSource
                0x08005538      0x18e ./Drivers/STM32F1xx_HAL_Driver/Src/stm32f1xx_hal_tim.o
                0x08005538                HAL_TIM_ConfigClockSource
 .text.HAL_TIM_OC_DelayElapsedCallback
                0x080056c6       0x12 ./Drivers/STM32F1xx_HAL_Driver/Src/stm32f1xx_hal_tim.o
                0x080056c6                HAL_TIM_OC_DelayElapsedCallback
 .text.HAL_TIM_IC_CaptureCallback
                0x080056d8       0x12 ./Drivers/STM32F1xx_HAL_Driver/Src/stm32f1xx_hal_tim.o
                0x080056d8                HAL_TIM_IC_CaptureCallback
 .text.HAL_TIM_PWM_PulseFinishedCallback
                0x080056ea       0x12 ./Drivers/STM32F1xx_HAL_Driver/Src/stm32f1xx_hal_tim.o
                0x080056ea                HAL_TIM_PWM_PulseFinishedCallback
 .text.HAL_TIM_TriggerCallback
                0x080056fc       0x12 ./Drivers/STM32F1xx_HAL_Driver/Src/stm32f1xx_hal_tim.o
                0x080056fc                HAL_TIM_TriggerCallback
 *fill*         0x0800570e        0x2 
 .text.TIM_Base_SetConfig
                0x08005710       0xc4 ./Drivers/STM32F1xx_HAL_Driver/Src/stm32f1xx_hal_tim.o
                0x08005710                TIM_Base_SetConfig
 .text.TIM_OC1_SetConfig
                0x080057d4       0xcc ./Drivers/STM32F1xx_HAL_Driver/Src/stm32f1xx_hal_tim.o
 .text.TIM_OC2_SetConfig
                0x080058a0       0xd4 ./Drivers/STM32F1xx_HAL_Driver/Src/stm32f1xx_hal_tim.o
                0x080058a0                TIM_OC2_SetConfig
 .text.TIM_OC3_SetConfig
                0x08005974       0xd4 ./Drivers/STM32F1xx_HAL_Driver/Src/stm32f1xx_hal_tim.o
 .text.TIM_OC4_SetConfig
                0x08005a48       0x9c ./Drivers/STM32F1xx_HAL_Driver/Src/stm32f1xx_hal_tim.o
 .text.TIM_TI1_ConfigInputStage
                0x08005ae4       0x5c ./Drivers/STM32F1xx_HAL_Driver/Src/stm32f1xx_hal_tim.o
 .text.TIM_TI2_ConfigInputStage
                0x08005b40       0x5e ./Drivers/STM32F1xx_HAL_Driver/Src/stm32f1xx_hal_tim.o
 .text.TIM_ITRx_SetConfig
                0x08005b9e       0x34 ./Drivers/STM32F1xx_HAL_Driver/Src/stm32f1xx_hal_tim.o
 .text.TIM_ETR_SetConfig
                0x08005bd2       0x3e ./Drivers/STM32F1xx_HAL_Driver/Src/stm32f1xx_hal_tim.o
                0x08005bd2                TIM_ETR_SetConfig
 .text.TIM_CCxChannelCmd
                0x08005c10       0x48 ./Drivers/STM32F1xx_HAL_Driver/Src/stm32f1xx_hal_tim.o
                0x08005c10                TIM_CCxChannelCmd
 .text.HAL_TIMEx_MasterConfigSynchronization
                0x08005c58       0xbc ./Drivers/STM32F1xx_HAL_Driver/Src/stm32f1xx_hal_tim_ex.o
                0x08005c58                HAL_TIMEx_MasterConfigSynchronization
 .text.HAL_TIMEx_CommutCallback
                0x08005d14       0x12 ./Drivers/STM32F1xx_HAL_Driver/Src/stm32f1xx_hal_tim_ex.o
                0x08005d14                HAL_TIMEx_CommutCallback
 .text.HAL_TIMEx_BreakCallback
                0x08005d26       0x12 ./Drivers/STM32F1xx_HAL_Driver/Src/stm32f1xx_hal_tim_ex.o
                0x08005d26                HAL_TIMEx_BreakCallback
 .text.memset   0x08005d38       0x10 C:/ST/STM32CubeIDE_1.15.1/STM32CubeIDE/plugins/com.st.stm32cube.ide.mcu.externaltools.gnu-tools-for-stm32.12.3.rel1.win32_1.0.100.202403111256/tools/bin/../lib/gcc/arm-none-eabi/12.3.1/../../../../arm-none-eabi/lib/thumb/v7-m/nofp\libc_nano.a(libc_a-memset.o)
                0x08005d38                memset
 .text.__libc_init_array
                0x08005d48       0x48 C:/ST/STM32CubeIDE_1.15.1/STM32CubeIDE/plugins/com.st.stm32cube.ide.mcu.externaltools.gnu-tools-for-stm32.12.3.rel1.win32_1.0.100.202403111256/tools/bin/../lib/gcc/arm-none-eabi/12.3.1/../../../../arm-none-eabi/lib/thumb/v7-m/nofp\libc_nano.a(libc_a-init.o)
                0x08005d48                __libc_init_array
 *(.glue_7)
 .glue_7        0x08005d90        0x0 linker stubs
 *(.glue_7t)
 .glue_7t       0x08005d90        0x0 linker stubs
 *(.eh_frame)
 .eh_frame      0x08005d90        0x0 C:/ST/STM32CubeIDE_1.15.1/STM32CubeIDE/plugins/com.st.stm32cube.ide.mcu.externaltools.gnu-tools-for-stm32.12.3.rel1.win32_1.0.100.202403111256/tools/bin/../lib/gcc/arm-none-eabi/12.3.1/thumb/v7-m/nofp/crtbegin.o
 *(.init)
 .init          0x08005d90        0x4 C:/ST/STM32CubeIDE_1.15.1/STM32CubeIDE/plugins/com.st.stm32cube.ide.mcu.externaltools.gnu-tools-for-stm32.12.3.rel1.win32_1.0.100.202403111256/tools/bin/../lib/gcc/arm-none-eabi/12.3.1/thumb/v7-m/nofp/crti.o
                0x08005d90                _init
 .init          0x08005d94        0x8 C:/ST/STM32CubeIDE_1.15.1/STM32CubeIDE/plugins/com.st.stm32cube.ide.mcu.externaltools.gnu-tools-for-stm32.12.3.rel1.win32_1.0.100.202403111256/tools/bin/../lib/gcc/arm-none-eabi/12.3.1/thumb/v7-m/nofp/crtn.o
 *(.fini)
 .fini          0x08005d9c        0x4 C:/ST/STM32CubeIDE_1.15.1/STM32CubeIDE/plugins/com.st.stm32cube.ide.mcu.externaltools.gnu-tools-for-stm32.12.3.rel1.win32_1.0.100.202403111256/tools/bin/../lib/gcc/arm-none-eabi/12.3.1/thumb/v7-m/nofp/crti.o
                0x08005d9c                _fini
 .fini          0x08005da0        0x8 C:/ST/STM32CubeIDE_1.15.1/STM32CubeIDE/plugins/com.st.stm32cube.ide.mcu.externaltools.gnu-tools-for-stm32.12.3.rel1.win32_1.0.100.202403111256/tools/bin/../lib/gcc/arm-none-eabi/12.3.1/thumb/v7-m/nofp/crtn.o
                0x08005da8                        . = ALIGN (0x4)
                0x08005da8                        _etext = .

.vfp11_veneer   0x08005da8        0x0
 .vfp11_veneer  0x08005da8        0x0 linker stubs

.v4_bx          0x08005da8        0x0
 .v4_bx         0x08005da8        0x0 linker stubs

.iplt           0x08005da8        0x0
 .iplt          0x08005da8        0x0 C:/ST/STM32CubeIDE_1.15.1/STM32CubeIDE/plugins/com.st.stm32cube.ide.mcu.externaltools.gnu-tools-for-stm32.12.3.rel1.win32_1.0.100.202403111256/tools/bin/../lib/gcc/arm-none-eabi/12.3.1/thumb/v7-m/nofp/crtbegin.o

.rodata         0x08005da8       0x3c
                0x08005da8                        . = ALIGN (0x4)
 *(.rodata)
 .rodata        0x08005da8       0x10 ./Core/Src/UCM.o
 *(.rodata*)
 .rodata.AHBPrescTable
                0x08005db8       0x10 ./Core/Src/system_stm32f1xx.o
                0x08005db8                AHBPrescTable
 .rodata.APBPrescTable
                0x08005dc8        0x8 ./Core/Src/system_stm32f1xx.o
                0x08005dc8                APBPrescTable
 .rodata.aPLLMULFactorTable.1
                0x08005dd0       0x10 ./Drivers/STM32F1xx_HAL_Driver/Src/stm32f1xx_hal_rcc.o
 .rodata.aPredivFactorTable.0
                0x08005de0        0x2 ./Drivers/STM32F1xx_HAL_Driver/Src/stm32f1xx_hal_rcc.o
                0x08005de4                        . = ALIGN (0x4)
 *fill*         0x08005de2        0x2 

.ARM.extab      0x08005de4        0x0
                0x08005de4                        . = ALIGN (0x4)
 *(.ARM.extab* .gnu.linkonce.armextab.*)
                0x08005de4                        . = ALIGN (0x4)

.ARM            0x08005de4        0x0
                0x08005de4                        . = ALIGN (0x4)
                0x08005de4                        __exidx_start = .
 *(.ARM.exidx*)
                0x08005de4                        __exidx_end = .
                0x08005de4                        . = ALIGN (0x4)

.preinit_array  0x08005de4        0x0
                0x08005de4                        . = ALIGN (0x4)
                0x08005de4                        PROVIDE (__preinit_array_start = .)
 *(.preinit_array*)
                0x08005de4                        PROVIDE (__preinit_array_end = .)
                0x08005de4                        . = ALIGN (0x4)

.init_array     0x08005de4        0x4
                0x08005de4                        . = ALIGN (0x4)
                0x08005de4                        PROVIDE (__init_array_start = .)
 *(SORT_BY_NAME(.init_array.*))
 *(.init_array*)
 .init_array    0x08005de4        0x4 C:/ST/STM32CubeIDE_1.15.1/STM32CubeIDE/plugins/com.st.stm32cube.ide.mcu.externaltools.gnu-tools-for-stm32.12.3.rel1.win32_1.0.100.202403111256/tools/bin/../lib/gcc/arm-none-eabi/12.3.1/thumb/v7-m/nofp/crtbegin.o
                0x08005de8                        PROVIDE (__init_array_end = .)
                0x08005de8                        . = ALIGN (0x4)

.fini_array     0x08005de8        0x4
                0x08005de8                        . = ALIGN (0x4)
                [!provide]                        PROVIDE (__fini_array_start = .)
 *(SORT_BY_NAME(.fini_array.*))
 *(.fini_array*)
 .fini_array    0x08005de8        0x4 C:/ST/STM32CubeIDE_1.15.1/STM32CubeIDE/plugins/com.st.stm32cube.ide.mcu.externaltools.gnu-tools-for-stm32.12.3.rel1.win32_1.0.100.202403111256/tools/bin/../lib/gcc/arm-none-eabi/12.3.1/thumb/v7-m/nofp/crtbegin.o
                [!provide]                        PROVIDE (__fini_array_end = .)
                0x08005dec                        . = ALIGN (0x4)
                0x08005dec                        _sidata = LOADADDR (.data)

.rel.dyn        0x08005dec        0x0
 .rel.iplt      0x08005dec        0x0 C:/ST/STM32CubeIDE_1.15.1/STM32CubeIDE/plugins/com.st.stm32cube.ide.mcu.externaltools.gnu-tools-for-stm32.12.3.rel1.win32_1.0.100.202403111256/tools/bin/../lib/gcc/arm-none-eabi/12.3.1/thumb/v7-m/nofp/crtbegin.o

.data           0x20000000       0x88 load address 0x08005dec
                0x20000000                        . = ALIGN (0x4)
                0x20000000                        _sdata = .
 *(.data)
 *(.data*)
 .data.Ticker   0x20000000       0x7c ./Core/Src/Ticker.o
                0x20000000                Ticker
 .data.SystemCoreClock
                0x2000007c        0x4 ./Core/Src/system_stm32f1xx.o
                0x2000007c                SystemCoreClock
 .data.uwTickPrio
                0x20000080        0x4 ./Drivers/STM32F1xx_HAL_Driver/Src/stm32f1xx_hal.o
                0x20000080                uwTickPrio
 .data.uwTickFreq
                0x20000084        0x1 ./Drivers/STM32F1xx_HAL_Driver/Src/stm32f1xx_hal.o
                0x20000084                uwTickFreq
 *(.RamFunc)
 *(.RamFunc*)
                0x20000088                        . = ALIGN (0x4)
 *fill*         0x20000085        0x3 
                0x20000088                        _edata = .

.igot.plt       0x20000088        0x0 load address 0x08005e74
 .igot.plt      0x20000088        0x0 C:/ST/STM32CubeIDE_1.15.1/STM32CubeIDE/plugins/com.st.stm32cube.ide.mcu.externaltools.gnu-tools-for-stm32.12.3.rel1.win32_1.0.100.202403111256/tools/bin/../lib/gcc/arm-none-eabi/12.3.1/thumb/v7-m/nofp/crtbegin.o
                0x20000088                        . = ALIGN (0x4)

.bss            0x20000088      0x3b0 load address 0x08005e74
                0x20000088                        _sbss = .
                0x20000088                        __bss_start__ = _sbss
 *(.bss)
 .bss           0x20000088       0x1c C:/ST/STM32CubeIDE_1.15.1/STM32CubeIDE/plugins/com.st.stm32cube.ide.mcu.externaltools.gnu-tools-for-stm32.12.3.rel1.win32_1.0.100.202403111256/tools/bin/../lib/gcc/arm-none-eabi/12.3.1/thumb/v7-m/nofp/crtbegin.o
 *(.bss*)
 .bss.EEPROM_24FC_I2C_Handle
                0x200000a4        0x4 ./Core/Src/EEPROM_24FC.o
 .bss.UCM       0x200000a8      0x254 ./Core/Src/UCM.o
                0x200000a8                UCM
 .bss.RxHeader  0x200002fc       0x1c ./Core/Src/UCM.o
                0x200002fc                RxHeader
 .bss.RxData    0x20000318        0x8 ./Core/Src/UCM.o
                0x20000318                RxData
 .bss.ADS122C04_DefaultConfig
                0x20000320        0x4 ./Core/Src/ads122c04.o
                0x20000320                ADS122C04_DefaultConfig
 .bss.ADS122C04_24FC_I2C_Handle
                0x20000324        0x4 ./Core/Src/ads122c04.o
 .bss.hcan      0x20000328       0x28 ./Core/Src/main.o
                0x20000328                hcan
 .bss.hi2c1     0x20000350       0x54 ./Core/Src/main.o
                0x20000350                hi2c1
 .bss.htim2     0x200003a4       0x48 ./Core/Src/main.o
                0x200003a4                htim2
 .bss.htim3     0x200003ec       0x48 ./Core/Src/main.o
                0x200003ec                htim3
 .bss.uwTick    0x20000434        0x4 ./Drivers/STM32F1xx_HAL_Driver/Src/stm32f1xx_hal.o
                0x20000434                uwTick
 *(COMMON)
                0x20000438                        . = ALIGN (0x4)
                0x20000438                        _ebss = .
                0x20000438                        __bss_end__ = _ebss

._user_heap_stack
                0x20000438      0x600 load address 0x08005e74
                0x20000438                        . = ALIGN (0x8)
                [!provide]                        PROVIDE (end = .)
                0x20000438                        PROVIDE (_end = .)
                0x20000638                        . = (. + _Min_Heap_Size)
 *fill*         0x20000438      0x200 
                0x20000a38                        . = (. + _Min_Stack_Size)
 *fill*         0x20000638      0x400 
                0x20000a38                        . = ALIGN (0x8)

/DISCARD/
 libc.a(*)
 libm.a(*)
 libgcc.a(*)

.ARM.attributes
                0x00000000       0x29
 *(.ARM.attributes)
 .ARM.attributes
                0x00000000       0x1d C:/ST/STM32CubeIDE_1.15.1/STM32CubeIDE/plugins/com.st.stm32cube.ide.mcu.externaltools.gnu-tools-for-stm32.12.3.rel1.win32_1.0.100.202403111256/tools/bin/../lib/gcc/arm-none-eabi/12.3.1/thumb/v7-m/nofp/crti.o
 .ARM.attributes
                0x0000001d       0x2d C:/ST/STM32CubeIDE_1.15.1/STM32CubeIDE/plugins/com.st.stm32cube.ide.mcu.externaltools.gnu-tools-for-stm32.12.3.rel1.win32_1.0.100.202403111256/tools/bin/../lib/gcc/arm-none-eabi/12.3.1/thumb/v7-m/nofp/crtbegin.o
 .ARM.attributes
                0x0000004a       0x2d ./Core/Src/EEPROM_24FC.o
 .ARM.attributes
                0x00000077       0x2d ./Core/Src/Ticker.o
 .ARM.attributes
                0x000000a4       0x2d ./Core/Src/UCM.o
 .ARM.attributes
                0x000000d1       0x2d ./Core/Src/ads122c04.o
 .ARM.attributes
                0x000000fe       0x2d ./Core/Src/main.o
 .ARM.attributes
                0x0000012b       0x2d ./Core/Src/stm32f1xx_hal_msp.o
 .ARM.attributes
                0x00000158       0x2d ./Core/Src/stm32f1xx_it.o
 .ARM.attributes
                0x00000185       0x2d ./Core/Src/system_stm32f1xx.o
 .ARM.attributes
                0x000001b2       0x21 ./Core/Startup/startup_stm32f103tbux.o
 .ARM.attributes
                0x000001d3       0x2d ./Drivers/STM32F1xx_HAL_Driver/Src/stm32f1xx_hal.o
 .ARM.attributes
                0x00000200       0x2d ./Drivers/STM32F1xx_HAL_Driver/Src/stm32f1xx_hal_can.o
 .ARM.attributes
                0x0000022d       0x2d ./Drivers/STM32F1xx_HAL_Driver/Src/stm32f1xx_hal_cortex.o
 .ARM.attributes
                0x0000025a       0x2d ./Drivers/STM32F1xx_HAL_Driver/Src/stm32f1xx_hal_gpio.o
 .ARM.attributes
                0x00000287       0x2d ./Drivers/STM32F1xx_HAL_Driver/Src/stm32f1xx_hal_i2c.o
 .ARM.attributes
                0x000002b4       0x2d ./Drivers/STM32F1xx_HAL_Driver/Src/stm32f1xx_hal_rcc.o
 .ARM.attributes
                0x000002e1       0x2d ./Drivers/STM32F1xx_HAL_Driver/Src/stm32f1xx_hal_tim.o
 .ARM.attributes
                0x0000030e       0x2d ./Drivers/STM32F1xx_HAL_Driver/Src/stm32f1xx_hal_tim_ex.o
 .ARM.attributes
                0x0000033b       0x2d C:/ST/STM32CubeIDE_1.15.1/STM32CubeIDE/plugins/com.st.stm32cube.ide.mcu.externaltools.gnu-tools-for-stm32.12.3.rel1.win32_1.0.100.202403111256/tools/bin/../lib/gcc/arm-none-eabi/12.3.1/../../../../arm-none-eabi/lib/thumb/v7-m/nofp\libc_nano.a(libc_a-memset.o)
 .ARM.attributes
                0x00000368       0x2d C:/ST/STM32CubeIDE_1.15.1/STM32CubeIDE/plugins/com.st.stm32cube.ide.mcu.externaltools.gnu-tools-for-stm32.12.3.rel1.win32_1.0.100.202403111256/tools/bin/../lib/gcc/arm-none-eabi/12.3.1/../../../../arm-none-eabi/lib/thumb/v7-m/nofp\libc_nano.a(libc_a-init.o)
 .ARM.attributes
                0x00000395       0x1d C:/ST/STM32CubeIDE_1.15.1/STM32CubeIDE/plugins/com.st.stm32cube.ide.mcu.externaltools.gnu-tools-for-stm32.12.3.rel1.win32_1.0.100.202403111256/tools/bin/../lib/gcc/arm-none-eabi/12.3.1/thumb/v7-m/nofp\libgcc.a(_arm_addsubdf3.o)
 .ARM.attributes
                0x000003b2       0x1d C:/ST/STM32CubeIDE_1.15.1/STM32CubeIDE/plugins/com.st.stm32cube.ide.mcu.externaltools.gnu-tools-for-stm32.12.3.rel1.win32_1.0.100.202403111256/tools/bin/../lib/gcc/arm-none-eabi/12.3.1/thumb/v7-m/nofp\libgcc.a(_arm_muldivdf3.o)
 .ARM.attributes
                0x000003cf       0x1d C:/ST/STM32CubeIDE_1.15.1/STM32CubeIDE/plugins/com.st.stm32cube.ide.mcu.externaltools.gnu-tools-for-stm32.12.3.rel1.win32_1.0.100.202403111256/tools/bin/../lib/gcc/arm-none-eabi/12.3.1/thumb/v7-m/nofp\libgcc.a(_arm_fixdfsi.o)
 .ARM.attributes
                0x000003ec       0x1d C:/ST/STM32CubeIDE_1.15.1/STM32CubeIDE/plugins/com.st.stm32cube.ide.mcu.externaltools.gnu-tools-for-stm32.12.3.rel1.win32_1.0.100.202403111256/tools/bin/../lib/gcc/arm-none-eabi/12.3.1/thumb/v7-m/nofp\libgcc.a(_arm_fixunsdfsi.o)
 .ARM.attributes
                0x00000409       0x1d C:/ST/STM32CubeIDE_1.15.1/STM32CubeIDE/plugins/com.st.stm32cube.ide.mcu.externaltools.gnu-tools-for-stm32.12.3.rel1.win32_1.0.100.202403111256/tools/bin/../lib/gcc/arm-none-eabi/12.3.1/thumb/v7-m/nofp/crtn.o
OUTPUT(TS24_UCM.elf elf32-littlearm)
LOAD linker stubs
LOAD C:/ST/STM32CubeIDE_1.15.1/STM32CubeIDE/plugins/com.st.stm32cube.ide.mcu.externaltools.gnu-tools-for-stm32.12.3.rel1.win32_1.0.100.202403111256/tools/bin/../lib/gcc/arm-none-eabi/12.3.1/../../../../arm-none-eabi/lib/thumb/v7-m/nofp\libc.a
LOAD C:/ST/STM32CubeIDE_1.15.1/STM32CubeIDE/plugins/com.st.stm32cube.ide.mcu.externaltools.gnu-tools-for-stm32.12.3.rel1.win32_1.0.100.202403111256/tools/bin/../lib/gcc/arm-none-eabi/12.3.1/../../../../arm-none-eabi/lib/thumb/v7-m/nofp\libm.a
LOAD C:/ST/STM32CubeIDE_1.15.1/STM32CubeIDE/plugins/com.st.stm32cube.ide.mcu.externaltools.gnu-tools-for-stm32.12.3.rel1.win32_1.0.100.202403111256/tools/bin/../lib/gcc/arm-none-eabi/12.3.1/thumb/v7-m/nofp\libgcc.a

.debug_info     0x00000000     0xefaa
 .debug_info    0x00000000      0x7d7 ./Core/Src/EEPROM_24FC.o
 .debug_info    0x000007d7      0x1c0 ./Core/Src/Ticker.o
 .debug_info    0x00000997     0x17b7 ./Core/Src/UCM.o
 .debug_info    0x0000214e      0x9e4 ./Core/Src/ads122c04.o
 .debug_info    0x00002b32     0x149b ./Core/Src/main.o
 .debug_info    0x00003fcd     0x11e3 ./Core/Src/stm32f1xx_hal_msp.o
 .debug_info    0x000051b0      0xa8b ./Core/Src/stm32f1xx_it.o
 .debug_info    0x00005c3b      0x222 ./Core/Src/system_stm32f1xx.o
 .debug_info    0x00005e5d       0x30 ./Core/Startup/startup_stm32f103tbux.o
 .debug_info    0x00005e8d      0x704 ./Drivers/STM32F1xx_HAL_Driver/Src/stm32f1xx_hal.o
 .debug_info    0x00006591      0xf27 ./Drivers/STM32F1xx_HAL_Driver/Src/stm32f1xx_hal_can.o
 .debug_info    0x000074b8      0xa87 ./Drivers/STM32F1xx_HAL_Driver/Src/stm32f1xx_hal_cortex.o
 .debug_info    0x00007f3f      0x5ab ./Drivers/STM32F1xx_HAL_Driver/Src/stm32f1xx_hal_gpio.o
 .debug_info    0x000084ea     0x2515 ./Drivers/STM32F1xx_HAL_Driver/Src/stm32f1xx_hal_i2c.o
 .debug_info    0x0000a9ff      0x7d5 ./Drivers/STM32F1xx_HAL_Driver/Src/stm32f1xx_hal_rcc.o
 .debug_info    0x0000b1d4     0x293b ./Drivers/STM32F1xx_HAL_Driver/Src/stm32f1xx_hal_tim.o
 .debug_info    0x0000db0f     0x149b ./Drivers/STM32F1xx_HAL_Driver/Src/stm32f1xx_hal_tim_ex.o

.debug_abbrev   0x00000000     0x24fc
 .debug_abbrev  0x00000000      0x1d2 ./Core/Src/EEPROM_24FC.o
 .debug_abbrev  0x000001d2      0x109 ./Core/Src/Ticker.o
 .debug_abbrev  0x000002db      0x370 ./Core/Src/UCM.o
 .debug_abbrev  0x0000064b      0x25d ./Core/Src/ads122c04.o
 .debug_abbrev  0x000008a8      0x380 ./Core/Src/main.o
 .debug_abbrev  0x00000c28      0x246 ./Core/Src/stm32f1xx_hal_msp.o
 .debug_abbrev  0x00000e6e      0x1ec ./Core/Src/stm32f1xx_it.o
 .debug_abbrev  0x0000105a      0x13f ./Core/Src/system_stm32f1xx.o
 .debug_abbrev  0x00001199       0x24 ./Core/Startup/startup_stm32f103tbux.o
 .debug_abbrev  0x000011bd      0x201 ./Drivers/STM32F1xx_HAL_Driver/Src/stm32f1xx_hal.o
 .debug_abbrev  0x000013be      0x22d ./Drivers/STM32F1xx_HAL_Driver/Src/stm32f1xx_hal_can.o
 .debug_abbrev  0x000015eb      0x2f8 ./Drivers/STM32F1xx_HAL_Driver/Src/stm32f1xx_hal_cortex.o
 .debug_abbrev  0x000018e3      0x1ca ./Drivers/STM32F1xx_HAL_Driver/Src/stm32f1xx_hal_gpio.o
 .debug_abbrev  0x00001aad      0x2a3 ./Drivers/STM32F1xx_HAL_Driver/Src/stm32f1xx_hal_i2c.o
 .debug_abbrev  0x00001d50      0x2b3 ./Drivers/STM32F1xx_HAL_Driver/Src/stm32f1xx_hal_rcc.o
 .debug_abbrev  0x00002003      0x277 ./Drivers/STM32F1xx_HAL_Driver/Src/stm32f1xx_hal_tim.o
 .debug_abbrev  0x0000227a      0x282 ./Drivers/STM32F1xx_HAL_Driver/Src/stm32f1xx_hal_tim_ex.o

.debug_aranges  0x00000000      0xed8
 .debug_aranges
                0x00000000       0x50 ./Core/Src/EEPROM_24FC.o
 .debug_aranges
                0x00000050       0x28 ./Core/Src/Ticker.o
 .debug_aranges
                0x00000078       0xa8 ./Core/Src/UCM.o
 .debug_aranges
                0x00000120       0x58 ./Core/Src/ads122c04.o
 .debug_aranges
                0x00000178       0x68 ./Core/Src/main.o
 .debug_aranges
                0x000001e0       0x50 ./Core/Src/stm32f1xx_hal_msp.o
 .debug_aranges
                0x00000230       0x78 ./Core/Src/stm32f1xx_it.o
 .debug_aranges
                0x000002a8       0x28 ./Core/Src/system_stm32f1xx.o
 .debug_aranges
                0x000002d0       0x28 ./Core/Startup/startup_stm32f103tbux.o
 .debug_aranges
                0x000002f8       0xe0 ./Drivers/STM32F1xx_HAL_Driver/Src/stm32f1xx_hal.o
 .debug_aranges
                0x000003d8      0x138 ./Drivers/STM32F1xx_HAL_Driver/Src/stm32f1xx_hal_can.o
 .debug_aranges
                0x00000510      0x100 ./Drivers/STM32F1xx_HAL_Driver/Src/stm32f1xx_hal_cortex.o
 .debug_aranges
                0x00000610       0x58 ./Drivers/STM32F1xx_HAL_Driver/Src/stm32f1xx_hal_gpio.o
 .debug_aranges
                0x00000668      0x2a8 ./Drivers/STM32F1xx_HAL_Driver/Src/stm32f1xx_hal_i2c.o
 .debug_aranges
                0x00000910       0x90 ./Drivers/STM32F1xx_HAL_Driver/Src/stm32f1xx_hal_rcc.o
 .debug_aranges
                0x000009a0      0x3d0 ./Drivers/STM32F1xx_HAL_Driver/Src/stm32f1xx_hal_tim.o
 .debug_aranges
                0x00000d70      0x168 ./Drivers/STM32F1xx_HAL_Driver/Src/stm32f1xx_hal_tim_ex.o

.debug_rnglists
                0x00000000      0xb92
 .debug_rnglists
                0x00000000       0x37 ./Core/Src/EEPROM_24FC.o
 .debug_rnglists
                0x00000037       0x19 ./Core/Src/Ticker.o
 .debug_rnglists
                0x00000050       0x83 ./Core/Src/UCM.o
 .debug_rnglists
                0x000000d3       0x3e ./Core/Src/ads122c04.o
 .debug_rnglists
                0x00000111       0x4e ./Core/Src/main.o
 .debug_rnglists
                0x0000015f       0x39 ./Core/Src/stm32f1xx_hal_msp.o
 .debug_rnglists
                0x00000198       0x55 ./Core/Src/stm32f1xx_it.o
 .debug_rnglists
                0x000001ed       0x1a ./Core/Src/system_stm32f1xx.o
 .debug_rnglists
                0x00000207       0x19 ./Core/Startup/startup_stm32f103tbux.o
 .debug_rnglists
                0x00000220       0xa3 ./Drivers/STM32F1xx_HAL_Driver/Src/stm32f1xx_hal.o
 .debug_rnglists
                0x000002c3       0xee ./Drivers/STM32F1xx_HAL_Driver/Src/stm32f1xx_hal_can.o
 .debug_rnglists
                0x000003b1       0xbb ./Drivers/STM32F1xx_HAL_Driver/Src/stm32f1xx_hal_cortex.o
 .debug_rnglists
                0x0000046c       0x3f ./Drivers/STM32F1xx_HAL_Driver/Src/stm32f1xx_hal_gpio.o
 .debug_rnglists
                0x000004ab      0x23c ./Drivers/STM32F1xx_HAL_Driver/Src/stm32f1xx_hal_i2c.o
 .debug_rnglists
                0x000006e7       0x6c ./Drivers/STM32F1xx_HAL_Driver/Src/stm32f1xx_hal_rcc.o
 .debug_rnglists
                0x00000753      0x31a ./Drivers/STM32F1xx_HAL_Driver/Src/stm32f1xx_hal_tim.o
 .debug_rnglists
                0x00000a6d      0x125 ./Drivers/STM32F1xx_HAL_Driver/Src/stm32f1xx_hal_tim_ex.o

.debug_macro    0x00000000    0x18a29
 .debug_macro   0x00000000      0x1f9 ./Core/Src/EEPROM_24FC.o
 .debug_macro   0x000001f9      0xaa8 ./Core/Src/EEPROM_24FC.o
 .debug_macro   0x00000ca1       0x22 ./Core/Src/EEPROM_24FC.o
 .debug_macro   0x00000cc3       0x5b ./Core/Src/EEPROM_24FC.o
 .debug_macro   0x00000d1e       0x24 ./Core/Src/EEPROM_24FC.o
 .debug_macro   0x00000d42       0x94 ./Core/Src/EEPROM_24FC.o
 .debug_macro   0x00000dd6       0x43 ./Core/Src/EEPROM_24FC.o
 .debug_macro   0x00000e19       0x34 ./Core/Src/EEPROM_24FC.o
 .debug_macro   0x00000e4d       0x1c ./Core/Src/EEPROM_24FC.o
 .debug_macro   0x00000e69       0x57 ./Core/Src/EEPROM_24FC.o
 .debug_macro   0x00000ec0      0x103 ./Core/Src/EEPROM_24FC.o
 .debug_macro   0x00000fc3       0x6a ./Core/Src/EEPROM_24FC.o
 .debug_macro   0x0000102d      0x1df ./Core/Src/EEPROM_24FC.o
 .debug_macro   0x0000120c       0x22 ./Core/Src/EEPROM_24FC.o
 .debug_macro   0x0000122e      0x221 ./Core/Src/EEPROM_24FC.o
 .debug_macro   0x0000144f       0x2e ./Core/Src/EEPROM_24FC.o
 .debug_macro   0x0000147d       0x22 ./Core/Src/EEPROM_24FC.o
 .debug_macro   0x0000149f       0x1c ./Core/Src/EEPROM_24FC.o
 .debug_macro   0x000014bb       0x22 ./Core/Src/EEPROM_24FC.o
 .debug_macro   0x000014dd       0xbd ./Core/Src/EEPROM_24FC.o
 .debug_macro   0x0000159a      0xd23 ./Core/Src/EEPROM_24FC.o
 .debug_macro   0x000022bd     0xe09e ./Core/Src/EEPROM_24FC.o
 .debug_macro   0x0001035b       0x6d ./Core/Src/EEPROM_24FC.o
 .debug_macro   0x000103c8     0x348d ./Core/Src/EEPROM_24FC.o
 .debug_macro   0x00013855      0x189 ./Core/Src/EEPROM_24FC.o
 .debug_macro   0x000139de       0x5c ./Core/Src/EEPROM_24FC.o
 .debug_macro   0x00013a3a      0x5bc ./Core/Src/EEPROM_24FC.o
 .debug_macro   0x00013ff6      0x289 ./Core/Src/EEPROM_24FC.o
 .debug_macro   0x0001427f      0x1cb ./Core/Src/EEPROM_24FC.o
 .debug_macro   0x0001444a      0x114 ./Core/Src/EEPROM_24FC.o
 .debug_macro   0x0001455e      0x1b2 ./Core/Src/EEPROM_24FC.o
 .debug_macro   0x00014710       0x27 ./Core/Src/EEPROM_24FC.o
 .debug_macro   0x00014737      0x136 ./Core/Src/EEPROM_24FC.o
 .debug_macro   0x0001486d      0x1bc ./Core/Src/EEPROM_24FC.o
 .debug_macro   0x00014a29       0x34 ./Core/Src/EEPROM_24FC.o
 .debug_macro   0x00014a5d       0x3c ./Core/Src/EEPROM_24FC.o
 .debug_macro   0x00014a99      0x408 ./Core/Src/EEPROM_24FC.o
 .debug_macro   0x00014ea1       0x57 ./Core/Src/EEPROM_24FC.o
 .debug_macro   0x00014ef8       0x87 ./Core/Src/EEPROM_24FC.o
 .debug_macro   0x00014f7f      0x240 ./Core/Src/EEPROM_24FC.o
 .debug_macro   0x000151bf      0x287 ./Core/Src/EEPROM_24FC.o
 .debug_macro   0x00015446      0x140 ./Core/Src/EEPROM_24FC.o
 .debug_macro   0x00015586      0x8ed ./Core/Src/EEPROM_24FC.o
 .debug_macro   0x00015e73       0x83 ./Core/Src/EEPROM_24FC.o
 .debug_macro   0x00015ef6      0x1c6 ./Core/Src/Ticker.o
 .debug_macro   0x000160bc       0x8e ./Core/Src/Ticker.o
 .debug_macro   0x0001614a       0x51 ./Core/Src/Ticker.o
 .debug_macro   0x0001619b      0x319 ./Core/Src/UCM.o
 .debug_macro   0x000164b4       0x61 ./Core/Src/UCM.o
 .debug_macro   0x00016515       0x16 ./Core/Src/UCM.o
 .debug_macro   0x0001652b      0x1f8 ./Core/Src/UCM.o
 .debug_macro   0x00016723       0x16 ./Core/Src/UCM.o
 .debug_macro   0x00016739       0x35 ./Core/Src/UCM.o
 .debug_macro   0x0001676e       0x16 ./Core/Src/UCM.o
 .debug_macro   0x00016784       0x43 ./Core/Src/UCM.o
 .debug_macro   0x000167c7       0x34 ./Core/Src/UCM.o
 .debug_macro   0x000167fb       0x10 ./Core/Src/UCM.o
 .debug_macro   0x0001680b       0x58 ./Core/Src/UCM.o
 .debug_macro   0x00016863       0x8e ./Core/Src/UCM.o
 .debug_macro   0x000168f1      0x177 ./Core/Src/UCM.o
 .debug_macro   0x00016a68      0x369 ./Core/Src/UCM.o
 .debug_macro   0x00016dd1       0x16 ./Core/Src/UCM.o
 .debug_macro   0x00016de7       0x29 ./Core/Src/UCM.o
 .debug_macro   0x00016e10       0x1c ./Core/Src/UCM.o
 .debug_macro   0x00016e2c       0x10 ./Core/Src/UCM.o
 .debug_macro   0x00016e3c       0x1c ./Core/Src/UCM.o
 .debug_macro   0x00016e58       0x16 ./Core/Src/UCM.o
 .debug_macro   0x00016e6e      0x146 ./Core/Src/UCM.o
 .debug_macro   0x00016fb4      0x19b ./Core/Src/UCM.o
 .debug_macro   0x0001714f       0x3a ./Core/Src/UCM.o
 .debug_macro   0x00017189      0x1f8 ./Core/Src/ads122c04.o
 .debug_macro   0x00017381      0x323 ./Core/Src/main.o
 .debug_macro   0x000176a4      0x1b7 ./Core/Src/stm32f1xx_hal_msp.o
 .debug_macro   0x0001785b      0x1c1 ./Core/Src/stm32f1xx_it.o
 .debug_macro   0x00017a1c      0x1ad ./Core/Src/system_stm32f1xx.o
 .debug_macro   0x00017bc9      0x1d1 ./Drivers/STM32F1xx_HAL_Driver/Src/stm32f1xx_hal.o
 .debug_macro   0x00017d9a      0x1b5 ./Drivers/STM32F1xx_HAL_Driver/Src/stm32f1xx_hal_can.o
 .debug_macro   0x00017f4f      0x1ad ./Drivers/STM32F1xx_HAL_Driver/Src/stm32f1xx_hal_cortex.o
 .debug_macro   0x000180fc      0x218 ./Drivers/STM32F1xx_HAL_Driver/Src/stm32f1xx_hal_gpio.o
 .debug_macro   0x00018314      0x1fb ./Drivers/STM32F1xx_HAL_Driver/Src/stm32f1xx_hal_i2c.o
 .debug_macro   0x0001850f      0x1bf ./Drivers/STM32F1xx_HAL_Driver/Src/stm32f1xx_hal_rcc.o
 .debug_macro   0x000186ce      0x1ae ./Drivers/STM32F1xx_HAL_Driver/Src/stm32f1xx_hal_tim.o
 .debug_macro   0x0001887c      0x1ad ./Drivers/STM32F1xx_HAL_Driver/Src/stm32f1xx_hal_tim_ex.o

.debug_line     0x00000000    0x11512
 .debug_line    0x00000000      0x8ee ./Core/Src/EEPROM_24FC.o
 .debug_line    0x000008ee      0x780 ./Core/Src/Ticker.o
 .debug_line    0x0000106e      0xeac ./Core/Src/UCM.o
 .debug_line    0x00001f1a      0x92e ./Core/Src/ads122c04.o
 .debug_line    0x00002848      0xb02 ./Core/Src/main.o
 .debug_line    0x0000334a      0x819 ./Core/Src/stm32f1xx_hal_msp.o
 .debug_line    0x00003b63      0x825 ./Core/Src/stm32f1xx_it.o
 .debug_line    0x00004388      0x799 ./Core/Src/system_stm32f1xx.o
 .debug_line    0x00004b21       0x78 ./Core/Startup/startup_stm32f103tbux.o
 .debug_line    0x00004b99      0x9c6 ./Drivers/STM32F1xx_HAL_Driver/Src/stm32f1xx_hal.o
 .debug_line    0x0000555f     0x11ab ./Drivers/STM32F1xx_HAL_Driver/Src/stm32f1xx_hal_can.o
 .debug_line    0x0000670a      0xbb2 ./Drivers/STM32F1xx_HAL_Driver/Src/stm32f1xx_hal_cortex.o
 .debug_line    0x000072bc      0xa5f ./Drivers/STM32F1xx_HAL_Driver/Src/stm32f1xx_hal_gpio.o
 .debug_line    0x00007d1b     0x3c33 ./Drivers/STM32F1xx_HAL_Driver/Src/stm32f1xx_hal_i2c.o
 .debug_line    0x0000b94e      0xdcf ./Drivers/STM32F1xx_HAL_Driver/Src/stm32f1xx_hal_rcc.o
 .debug_line    0x0000c71d     0x34d0 ./Drivers/STM32F1xx_HAL_Driver/Src/stm32f1xx_hal_tim.o
 .debug_line    0x0000fbed     0x1925 ./Drivers/STM32F1xx_HAL_Driver/Src/stm32f1xx_hal_tim_ex.o

.debug_str      0x00000000    0x8e3b5
 .debug_str     0x00000000    0x85a2c ./Core/Src/EEPROM_24FC.o
                              0x85e11 (size before relaxing)
 .debug_str     0x00085a2c       0xc6 ./Core/Src/Ticker.o
                              0x854fd (size before relaxing)
 .debug_str     0x00085af2     0x5379 ./Core/Src/UCM.o
                              0x8af01 (size before relaxing)
 .debug_str     0x0008ae6b       0xb0 ./Core/Src/ads122c04.o
                              0x867d1 (size before relaxing)
 .debug_str     0x0008af1b      0x3a1 ./Core/Src/main.o
                              0x8adef (size before relaxing)
 .debug_str     0x0008b2bc      0x379 ./Core/Src/stm32f1xx_hal_msp.o
                              0x86245 (size before relaxing)
 .debug_str     0x0008b635       0xfc ./Core/Src/stm32f1xx_it.o
                              0x85c45 (size before relaxing)
 .debug_str     0x0008b731       0x7e ./Core/Src/system_stm32f1xx.o
                              0x854b4 (size before relaxing)
 .debug_str     0x0008b7af       0x44 ./Core/Startup/startup_stm32f103tbux.o
                                 0x88 (size before relaxing)
 .debug_str     0x0008b7f3      0x384 ./Drivers/STM32F1xx_HAL_Driver/Src/stm32f1xx_hal.o
                              0x85be7 (size before relaxing)
 .debug_str     0x0008bb77      0x3f0 ./Drivers/STM32F1xx_HAL_Driver/Src/stm32f1xx_hal_can.o
                              0x85cb4 (size before relaxing)
 .debug_str     0x0008bf67      0x26c ./Drivers/STM32F1xx_HAL_Driver/Src/stm32f1xx_hal_cortex.o
                              0x85b33 (size before relaxing)
 .debug_str     0x0008c1d3      0x2c2 ./Drivers/STM32F1xx_HAL_Driver/Src/stm32f1xx_hal_gpio.o
                              0x8583a (size before relaxing)
 .debug_str     0x0008c495      0xb90 ./Drivers/STM32F1xx_HAL_Driver/Src/stm32f1xx_hal_i2c.o
                              0x8657b (size before relaxing)
 .debug_str     0x0008d025      0x209 ./Drivers/STM32F1xx_HAL_Driver/Src/stm32f1xx_hal_rcc.o
                              0x858e3 (size before relaxing)
 .debug_str     0x0008d22e      0xcf4 ./Drivers/STM32F1xx_HAL_Driver/Src/stm32f1xx_hal_tim.o
                              0x868d5 (size before relaxing)
 .debug_str     0x0008df22      0x493 ./Drivers/STM32F1xx_HAL_Driver/Src/stm32f1xx_hal_tim_ex.o
                              0x860f1 (size before relaxing)

.comment        0x00000000       0x43
 .comment       0x00000000       0x43 ./Core/Src/EEPROM_24FC.o
                                 0x44 (size before relaxing)
 .comment       0x00000043       0x44 ./Core/Src/Ticker.o
 .comment       0x00000043       0x44 ./Core/Src/UCM.o
 .comment       0x00000043       0x44 ./Core/Src/ads122c04.o
 .comment       0x00000043       0x44 ./Core/Src/main.o
 .comment       0x00000043       0x44 ./Core/Src/stm32f1xx_hal_msp.o
 .comment       0x00000043       0x44 ./Core/Src/stm32f1xx_it.o
 .comment       0x00000043       0x44 ./Core/Src/system_stm32f1xx.o
 .comment       0x00000043       0x44 ./Drivers/STM32F1xx_HAL_Driver/Src/stm32f1xx_hal.o
 .comment       0x00000043       0x44 ./Drivers/STM32F1xx_HAL_Driver/Src/stm32f1xx_hal_can.o
 .comment       0x00000043       0x44 ./Drivers/STM32F1xx_HAL_Driver/Src/stm32f1xx_hal_cortex.o
 .comment       0x00000043       0x44 ./Drivers/STM32F1xx_HAL_Driver/Src/stm32f1xx_hal_gpio.o
 .comment       0x00000043       0x44 ./Drivers/STM32F1xx_HAL_Driver/Src/stm32f1xx_hal_i2c.o
 .comment       0x00000043       0x44 ./Drivers/STM32F1xx_HAL_Driver/Src/stm32f1xx_hal_rcc.o
 .comment       0x00000043       0x44 ./Drivers/STM32F1xx_HAL_Driver/Src/stm32f1xx_hal_tim.o
 .comment       0x00000043       0x44 ./Drivers/STM32F1xx_HAL_Driver/Src/stm32f1xx_hal_tim_ex.o

.debug_frame    0x00000000     0x3f88
 .debug_frame   0x00000000      0x108 ./Core/Src/EEPROM_24FC.o
 .debug_frame   0x00000108       0x5c ./Core/Src/Ticker.o
 .debug_frame   0x00000164      0x26c ./Core/Src/UCM.o
 .debug_frame   0x000003d0      0x134 ./Core/Src/ads122c04.o
 .debug_frame   0x00000504      0x15c ./Core/Src/main.o
 .debug_frame   0x00000660      0x110 ./Core/Src/stm32f1xx_hal_msp.o
 .debug_frame   0x00000770      0x158 ./Core/Src/stm32f1xx_it.o
 .debug_frame   0x000008c8       0x58 ./Core/Src/system_stm32f1xx.o
 .debug_frame   0x00000920      0x334 ./Drivers/STM32F1xx_HAL_Driver/Src/stm32f1xx_hal.o
 .debug_frame   0x00000c54      0x5a0 ./Drivers/STM32F1xx_HAL_Driver/Src/stm32f1xx_hal_can.o
 .debug_frame   0x000011f4      0x428 ./Drivers/STM32F1xx_HAL_Driver/Src/stm32f1xx_hal_cortex.o
 .debug_frame   0x0000161c      0x14c ./Drivers/STM32F1xx_HAL_Driver/Src/stm32f1xx_hal_gpio.o
 .debug_frame   0x00001768      0xc84 ./Drivers/STM32F1xx_HAL_Driver/Src/stm32f1xx_hal_i2c.o
 .debug_frame   0x000023ec      0x218 ./Drivers/STM32F1xx_HAL_Driver/Src/stm32f1xx_hal_rcc.o
 .debug_frame   0x00002604     0x11bc ./Drivers/STM32F1xx_HAL_Driver/Src/stm32f1xx_hal_tim.o
 .debug_frame   0x000037c0      0x638 ./Drivers/STM32F1xx_HAL_Driver/Src/stm32f1xx_hal_tim_ex.o
 .debug_frame   0x00003df8       0x20 C:/ST/STM32CubeIDE_1.15.1/STM32CubeIDE/plugins/com.st.stm32cube.ide.mcu.externaltools.gnu-tools-for-stm32.12.3.rel1.win32_1.0.100.202403111256/tools/bin/../lib/gcc/arm-none-eabi/12.3.1/../../../../arm-none-eabi/lib/thumb/v7-m/nofp\libc_nano.a(libc_a-memset.o)
 .debug_frame   0x00003e18       0x2c C:/ST/STM32CubeIDE_1.15.1/STM32CubeIDE/plugins/com.st.stm32cube.ide.mcu.externaltools.gnu-tools-for-stm32.12.3.rel1.win32_1.0.100.202403111256/tools/bin/../lib/gcc/arm-none-eabi/12.3.1/../../../../arm-none-eabi/lib/thumb/v7-m/nofp\libc_nano.a(libc_a-init.o)
 .debug_frame   0x00003e44       0xac C:/ST/STM32CubeIDE_1.15.1/STM32CubeIDE/plugins/com.st.stm32cube.ide.mcu.externaltools.gnu-tools-for-stm32.12.3.rel1.win32_1.0.100.202403111256/tools/bin/../lib/gcc/arm-none-eabi/12.3.1/thumb/v7-m/nofp\libgcc.a(_arm_addsubdf3.o)
 .debug_frame   0x00003ef0       0x50 C:/ST/STM32CubeIDE_1.15.1/STM32CubeIDE/plugins/com.st.stm32cube.ide.mcu.externaltools.gnu-tools-for-stm32.12.3.rel1.win32_1.0.100.202403111256/tools/bin/../lib/gcc/arm-none-eabi/12.3.1/thumb/v7-m/nofp\libgcc.a(_arm_muldivdf3.o)
 .debug_frame   0x00003f40       0x24 C:/ST/STM32CubeIDE_1.15.1/STM32CubeIDE/plugins/com.st.stm32cube.ide.mcu.externaltools.gnu-tools-for-stm32.12.3.rel1.win32_1.0.100.202403111256/tools/bin/../lib/gcc/arm-none-eabi/12.3.1/thumb/v7-m/nofp\libgcc.a(_arm_fixdfsi.o)
 .debug_frame   0x00003f64       0x24 C:/ST/STM32CubeIDE_1.15.1/STM32CubeIDE/plugins/com.st.stm32cube.ide.mcu.externaltools.gnu-tools-for-stm32.12.3.rel1.win32_1.0.100.202403111256/tools/bin/../lib/gcc/arm-none-eabi/12.3.1/thumb/v7-m/nofp\libgcc.a(_arm_fixunsdfsi.o)

.debug_line_str
                0x00000000       0x6c
 .debug_line_str
                0x00000000       0x6c ./Core/Startup/startup_stm32f103tbux.o
